[zainx.netlify.app/index2.html]
[backblue.gif]
[fade.gif]
[index.html]
[zainx.netlify.app/img/favicon.png]
[zainx.netlify.app/css/style.css]
[zainx.netlify.app/img/logo-light.png]
[zainx.netlify.app/img/hero.jpg]
[zainx.netlify.app/CV.pdf]
[zainx.netlify.app/img/portfolio/1.jpg]
[zainx.netlify.app/img/portfolio/2.jpg]
[zainx.netlify.app/img/portfolio/3.jpg]
[zainx.netlify.app/img/portfolio/4.jpg]
[zainx.netlify.app/img/portfolio/5.jpg]
[zainx.netlify.app/img/portfolio/6.jpg]
[zainx.netlify.app/img/portfolio/7.jpg]
[zainx.netlify.app/img/blog/01.jpg]
[zainx.netlify.app/img/blog/03.jpg]
[zainx.netlify.app/img/blog/02.jpg]
[zainx.netlify.app/img/map.png]
[zainx.netlify.app/js/jquery-3.0.0.min.js]
[zainx.netlify.app/js/jquery-migrate-3.0.0.min.js]
[zainx.netlify.app/js/popper.min.js]
[zainx.netlify.app/js/bootstrap.min.js]
[zainx.netlify.app/js/scrollIt.min.js]
[zainx.netlify.app/js/animated.headline.js]
[zainx.netlify.app/js/jquery.magnific-popup.min.js]
[zainx.netlify.app/js/jquery.stellar.min.js]
[zainx.netlify.app/js/isotope.pkgd.min.js]
[zainx.netlify.app/js/validator.js]
[zainx.netlify.app/index2.html]
[zainx.netlify.app/js/scripts.js]
[zainx.netlify.app/css/plugins/animate.min.css]
[zainx.netlify.app/css/plugins/bootstrap.min.css]
[zainx.netlify.app/css/plugins/icofont.css]
[zainx.netlify.app/css/plugins/fontawesome-all.min.css]
[zainx.netlify.app/css/plugins/magnific-popup.css]
[zainx.netlify.app/css/plugins.css]
[zainx.netlify.app/css/style.css]
[zainx.netlify.app/css/plugins/bootstrap.min.css]
[zainx.netlify.app/css/plugins/animate.min.css]
[zainx.netlify.app/css/plugins/helper.css]
[zainx.netlify.app/fonts/icofont7858.ttf]
[zainx.netlify.app/fonts/icofont.267858.delayed]
[zainx.netlify.app/css/plugins/icofont.css]
[zainx.netlify.app/fonts/icofont7858.eot]
[zainx.netlify.app/fonts/icofont7858.woff]
[zainx.netlify.app/fonts/fa-brands-400.eot]
[zainx.netlify.app/fonts/fa-brands-400d41d.eot]
[zainx.netlify.app/fonts/fa-brands-400.woff2]
[zainx.netlify.app/fonts/fa-brands-400.woff]
[zainx.netlify.app/fonts/fa-brands-400.ttf]
[zainx.netlify.app/fonts/fa-brands-400.2c.delayed]
[zainx.netlify.app/fonts/fa-regular-400.eot]
[zainx.netlify.app/fonts/fa-regular-400d41d.eot]
[zainx.netlify.app/fonts/fa-regular-400.woff2]
[zainx.netlify.app/fonts/fa-regular-400.woff]
[zainx.netlify.app/fonts/fa-regular-400.ttf]
[zainx.netlify.app/fonts/fa-regular-400.32.delayed]
[zainx.netlify.app/fonts/fa-solid-900.eot]
[zainx.netlify.app/fonts/fa-solid-900d41d.eot]
[zainx.netlify.app/fonts/fa-solid-900.woff2]
[zainx.netlify.app/fonts/fa-solid-900.woff]
[zainx.netlify.app/fonts/fa-solid-900.ttf]
[zainx.netlify.app/fonts/fa-solid-900.38.delayed]
[zainx.netlify.app/css/plugins/fontawesome-all.min.css]
[zainx.netlify.app/css/plugins/magnific-popup.css]
[zainx.netlify.app/css/plugins/helper.css]
[zainx.netlify.app/fonts/icofont7858.html]
[zainx.netlify.app/fonts/fa-brands-400.html]
[zainx.netlify.app/fonts/fa-regular-400.html]
[zainx.netlify.app/fonts/fa-solid-900.html]
